<?xml version="1.0" encoding="utf-8"?><testsuites><testsuite name="pytest" errors="0" failures="0" skipped="0" tests="4" time="2.187" timestamp="2025-11-14T16:39:43.638872" hostname="PULSE"><testcase classname="test_api.TestAPI" name="test_status_endpoint" time="2.016" /><testcase classname="test_api.TestAPI" name="test_sum_endpoint_valid" time="0.005" /><testcase classname="test_api.TestAPI" name="test_sum_endpoint_float" time="0.008" /><testcase classname="test_api.TestAPI" name="test_sum_missing_param" time="0.005" /></testsuite></testsuites>